ASxxxx Linker V03.00 + NoICE + sdld,  page 1.
Hexadecimal  [32-Bits]

Area                                    Addr        Size        Decimal Bytes (Attributes)
--------------------------------        ----        ----        ------- ----- ------------
CABS                                00000000    00000000 =           0. bytes (ABS,CON,CODE)

      Value  Global                              Global Defined In Module
      -----  --------------------------------   ------------------------
C:   00000000  l_BIT_BANK                      
C:   00000000  l_BSEG                          
C:   00000000  l_BSEG_BYTES                    
C:   00000000  l_CABS                          
C:   00000000  l_GSINIT1                       
C:   00000000  l_GSINIT5                       
C:   00000000  l_IABS                          
C:   00000000  l_ISEG                          
C:   00000000  l_PSEG                          
C:   00000000  l_REG_BANK_1                    
C:   00000000  l_REG_BANK_2                    
C:   00000000  l_REG_BANK_3                    
C:   00000000  l_RSEG                          
C:   00000000  l_RSEG0                         
C:   00000000  l_RSEG1                         
C:   00000000  l_XABS                          
C:   00000000  l_XINIT                         
C:   00000000  l_XISEG                         
C:   00000000  l_XSEG                          
C:   00000000  l__CODE                         
C:   00000000  s_BSEG                          
C:   00000000  s_CABS                          
C:   00000000  s_DSEG                          
C:   00000000  s_HOME                          
C:   00000000  s_IABS                          
C:   00000000  s_ISEG                          
C:   00000000  s_REG_BANK_0                    
C:   00000000  s_RSEG                          
C:   00000000  s_RSEG0                         
C:   00000000  s_RSEG1                         
C:   00000000  s_XABS                          
C:   00000001  s_PSEG                          
C:   00000001  s_XISEG                         
C:   00000001  s_XSEG                          
C:   00000002  l_OSEG                          
C:   00000003  l_GSFINAL                       
C:   00000003  l_GSINIT0                       
C:   00000008  l_GSINIT                        
C:   00000008  l_REG_BANK_0                    
C:   00000008  s_REG_BANK_1                    
C:   0000000A  l_GSINIT2                       
C:   0000000C  l_CONST                         
C:   00000010  s_REG_BANK_2                    
C:   00000011  l_HOME                          
C:   00000011  s_GSINIT0                       
C:   00000014  s_GSINIT1                       
C:   00000014  s_GSINIT2                       
C:   00000018  s_BIT_BANK                      
C:   00000018  s_REG_BANK_3                    
C:   0000001B  s_OSEG                          
ASxxxx Linker V03.00 + NoICE + sdld,  page 2.
Hexadecimal  [32-Bits]

Area                                    Addr        Size        Decimal Bytes (Attributes)
--------------------------------        ----        ----        ------- ----- ------------
CABS                                00000000    00000000 =           0. bytes (ABS,CON,CODE)

      Value  Global                              Global Defined In Module
      -----  --------------------------------   ------------------------
C:   0000001D  s_SSEG                          
C:   0000001E  s_GSINIT3                       
C:   00000020  s_BSEG_BYTES                    
C:   00000020  s__CODE                         
C:   00000022  l_GSINIT3                       
C:   0000002A  l_GSINIT4                       
C:   00000040  s_GSINIT4                       
C:   0000006A  s_GSINIT                        
C:   0000006A  s_GSINIT5                       
C:   00000072  s_GSFINAL                       
C:   00000075  s_CSEG                          
C:   00000080  l_DSEG                          
C:   000000E3  l_SSEG                          
C:   00000100  l_IRAM                          
C:   00000301  l_CSEG                          
C:   00000376  s_CONST                         
C:   00000382  s_XINIT                         

ASxxxx Linker V03.00 + NoICE + sdld,  page 3.
Hexadecimal  [32-Bits]

Area                                    Addr        Size        Decimal Bytes (Attributes)
--------------------------------        ----        ----        ------- ----- ------------
.  .ABS.                            00000000    00000000 =           0. bytes (ABS,CON)

      Value  Global                              Global Defined In Module
      -----  --------------------------------   ------------------------
     00000000  .__.ABS.                           _startup
     00000080  _P0                                temperature
     00000080  _P00                               temperature
     00000081  _P01                               temperature
     00000081  _SP                                temperature
     00000082  _DPL                               temperature
     00000082  _P02                               temperature
     00000083  _DPH                               temperature
     00000083  _P03                               temperature
     00000084  _P04                               temperature
     00000085  _P05                               temperature
     00000086  _P06                               temperature
     00000087  _P07                               temperature
     00000087  _PCON                              temperature
     00000088  _IT0                               temperature
     00000088  _TCON                              temperature
     00000089  _IE0                               temperature
     00000089  _TMOD                              temperature
     0000008A  _IT1                               temperature
     0000008A  _TL0                               temperature
     0000008B  _IE1                               temperature
     0000008B  _TL1                               temperature
     0000008C  _TH0                               temperature
     0000008C  _TR0                               temperature
     0000008D  _TF0                               temperature
     0000008D  _TH1                               temperature
     0000008E  _AUXR                              temperature
     0000008E  _TR1                               temperature
     0000008F  _TF1                               temperature
     00000090  _P1                                temperature
     00000090  _P10                               temperature
     00000090  _T2                                temperature
     00000091  _P11                               temperature
     00000091  _T2EX                              temperature
     00000092  _P12                               temperature
     00000093  _P13                               temperature
     00000094  _P14                               temperature
     00000095  _P15                               temperature
     00000096  _P16                               temperature
     00000097  _P17                               temperature
     00000098  _RI                                temperature
     00000098  _SCON                              temperature
     00000099  _SBUF                              temperature
     00000099  _TI                                temperature
     0000009A  _RB8                               temperature
     0000009B  _TB8                               temperature
     0000009C  _REN                               temperature
     0000009D  _SM2                               temperature
     0000009E  _SM1                               temperature
     0000009F  _FE                                temperature
ASxxxx Linker V03.00 + NoICE + sdld,  page 4.
Hexadecimal  [32-Bits]

Area                                    Addr        Size        Decimal Bytes (Attributes)
--------------------------------        ----        ----        ------- ----- ------------
.  .ABS.                            00000000    00000000 =           0. bytes (ABS,CON)

      Value  Global                              Global Defined In Module
      -----  --------------------------------   ------------------------
     0000009F  _SM0                               temperature
     000000A0  _P2                                temperature
     000000A0  _P20                               temperature
     000000A0  __XPAGE                            
     000000A1  _P21                               temperature
     000000A2  _AUXR1                             temperature
     000000A2  _P22                               temperature
     000000A3  _P23                               temperature
     000000A4  _P24                               temperature
     000000A5  _P25                               temperature
     000000A6  _P26                               temperature
     000000A7  _P27                               temperature
     000000A8  _EX0                               temperature
     000000A8  _IE                                temperature
     000000A9  _ET0                               temperature
     000000A9  _SADDR                             temperature
     000000AA  _EX1                               temperature
     000000AB  _ET1                               temperature
     000000AC  _ES                                temperature
     000000AD  _ET2                               temperature
     000000AE  _EC                                temperature
     000000AF  _EA                                temperature
     000000B0  _P3                                temperature
     000000B0  _P30                               temperature
     000000B0  _RXD                               temperature
     000000B1  _P31                               temperature
     000000B1  _TXD                               temperature
     000000B2  _INT0                              temperature
     000000B2  _P32                               temperature
     000000B3  _INT1                              temperature
     000000B3  _P33                               temperature
     000000B4  _EN_1602                           1602
     000000B4  _P34                               temperature
     000000B4  _T0                                temperature
     000000B5  _P35                               temperature
     000000B5  _RW_1602                           1602
     000000B5  _T1                                temperature
     000000B6  _P36                               temperature
     000000B6  _RS_1602                           1602
     000000B6  _WR                                temperature
     000000B7  _DS18B20                           DS18B20
     000000B7  _IPH                               temperature
     000000B7  _P37                               temperature
     000000B7  _RD                                temperature
     000000B8  _IP                                temperature
     000000B8  _PX0                               temperature
     000000B9  _PT0                               temperature
     000000B9  _SADEN                             temperature
     000000BA  _PX1                               temperature
     000000BB  _PT1                               temperature
     000000BC  _PS                                temperature
ASxxxx Linker V03.00 + NoICE + sdld,  page 5.
Hexadecimal  [32-Bits]

Area                                    Addr        Size        Decimal Bytes (Attributes)
--------------------------------        ----        ----        ------- ----- ------------
.  .ABS.                            00000000    00000000 =           0. bytes (ABS,CON)

      Value  Global                              Global Defined In Module
      -----  --------------------------------   ------------------------
     000000BD  _PT2                               temperature
     000000C0  _XICON                             temperature
     000000C8  _CP_RL2                            temperature
     000000C8  _T2CON                             temperature
     000000C9  _C_T2                              temperature
     000000C9  _T2MOD                             temperature
     000000CA  _RCAP2L                            temperature
     000000CA  _TR2                               temperature
     000000CB  _EXEN2                             temperature
     000000CB  _RCAP2H                            temperature
     000000CC  _TCLK                              temperature
     000000CC  _TL2                               temperature
     000000CD  _RCLK                              temperature
     000000CD  _TH2                               temperature
     000000CE  _EXF2                              temperature
     000000CF  _TF2                               temperature
     000000D0  _P                                 temperature
     000000D0  _PSW                               temperature
     000000D2  _OV                                temperature
     000000D3  _RS0                               temperature
     000000D4  _RS1                               temperature
     000000D5  _F0                                temperature
     000000D6  _AC                                temperature
     000000D7  _CY                                temperature
     000000E0  _ACC                               temperature
     000000E1  _WDT_CONTR                         temperature
     000000E2  _ISP_DATA                          temperature
     000000E3  _ISP_ADDRH                         temperature
     000000E4  _ISP_ADDRL                         temperature
     000000E5  _ISP_CMD                           temperature
     000000E6  _ISP_TRIG                          temperature
     000000E7  _ISP_CONTR                         temperature
     000000E8  _P4                                temperature
     000000E8  _P40                               temperature
     000000E9  _P41                               temperature
     000000EA  _P42                               temperature
     000000EB  _P43                               temperature
     000000EC  _P44                               temperature
     000000ED  _P45                               temperature
     000000EE  _P46                               temperature
     000000F0  _B                                 temperature
     000000F5  _B_5                               _gptrget
     000000F6  _B_6                               _gptrget
     000000F7  _B_7                               _gptrget

ASxxxx Linker V03.00 + NoICE + sdld,  page 6.
Hexadecimal  [32-Bits]

Area                                    Addr        Size        Decimal Bytes (Attributes)
--------------------------------        ----        ----        ------- ----- ------------
REG_BANK_0                          00000000    00000008 =           8. bytes (REL,OVR)

      Value  Global                              Global Defined In Module
      -----  --------------------------------   ------------------------
ASxxxx Linker V03.00 + NoICE + sdld,  page 7.
Hexadecimal  [32-Bits]

Area                                    Addr        Size        Decimal Bytes (Attributes)
--------------------------------        ----        ----        ------- ----- ------------
DSEG                                00000000    00000080 =         128. bytes (REL,CON)

      Value  Global                              Global Defined In Module
      -----  --------------------------------   ------------------------
     00000008  _Disp_1602_str_PARM_2              1602
     00000009  _Disp_1602_str_PARM_3              1602
     0000000D  _Temp                              temperature
     0000000F  _str                               temperature
     00000019  _count                             temperature

ASxxxx Linker V03.00 + NoICE + sdld,  page 8.
Hexadecimal  [32-Bits]

Area                                    Addr        Size        Decimal Bytes (Attributes)
--------------------------------        ----        ----        ------- ----- ------------
OSEG                                0000001B    00000002 =           2. bytes (REL,OVR)

      Value  Global                              Global Defined In Module
      -----  --------------------------------   ------------------------
     0000001B  __divsint_PARM_2                   _divuint
     0000001B  __divuint_PARM_2                   _divuint
     0000001B  __modsint_PARM_2                   _moduint
     0000001B  __moduint_PARM_2                   _moduint

ASxxxx Linker V03.00 + NoICE + sdld,  page 9.
Hexadecimal  [32-Bits]

Area                                    Addr        Size        Decimal Bytes (Attributes)
--------------------------------        ----        ----        ------- ----- ------------
SSEG                                0000001D    000000E3 =         227. bytes (REL,OVR)

      Value  Global                              Global Defined In Module
      -----  --------------------------------   ------------------------
     0000001D  __start__stack                     temperature

ASxxxx Linker V03.00 + NoICE + sdld,  page 10.
Hexadecimal  [32-Bits]

Area                                    Addr        Size        Decimal Bytes (Attributes)
--------------------------------        ----        ----        ------- ----- ------------
HOME                                00000000    00000011 =          17. bytes (REL,CON,CODE)

      Value  Global                              Global Defined In Module
      -----  --------------------------------   ------------------------
C:   0000000E  __sdcc_program_startup             temperature

ASxxxx Linker V03.00 + NoICE + sdld,  page 11.
Hexadecimal  [32-Bits]

Area                                    Addr        Size        Decimal Bytes (Attributes)
--------------------------------        ----        ----        ------- ----- ------------
GSINIT0                             00000011    00000003 =           3. bytes (REL,CON,CODE)

      Value  Global                              Global Defined In Module
      -----  --------------------------------   ------------------------
C:   00000011  __sdcc_gsinit_startup              

ASxxxx Linker V03.00 + NoICE + sdld,  page 12.
Hexadecimal  [32-Bits]

Area                                    Addr        Size        Decimal Bytes (Attributes)
--------------------------------        ----        ----        ------- ----- ------------
GSINIT2                             00000014    0000000A =          10. bytes (REL,CON,CODE)

      Value  Global                              Global Defined In Module
      -----  --------------------------------   ------------------------
ASxxxx Linker V03.00 + NoICE + sdld,  page 13.
Hexadecimal  [32-Bits]

Area                                    Addr        Size        Decimal Bytes (Attributes)
--------------------------------        ----        ----        ------- ----- ------------
GSINIT3                             0000001E    00000022 =          34. bytes (REL,CON,CODE)

      Value  Global                              Global Defined In Module
      -----  --------------------------------   ------------------------
C:   0000001E  __mcs51_genXINIT                   

ASxxxx Linker V03.00 + NoICE + sdld,  page 14.
Hexadecimal  [32-Bits]

Area                                    Addr        Size        Decimal Bytes (Attributes)
--------------------------------        ----        ----        ------- ----- ------------
GSINIT4                             00000040    0000002A =          42. bytes (REL,CON,CODE)

      Value  Global                              Global Defined In Module
      -----  --------------------------------   ------------------------
C:   00000040  __mcs51_genRAMCLEAR                
C:   00000046  __mcs51_genXRAMCLEAR               

ASxxxx Linker V03.00 + NoICE + sdld,  page 15.
Hexadecimal  [32-Bits]

Area                                    Addr        Size        Decimal Bytes (Attributes)
--------------------------------        ----        ----        ------- ----- ------------
GSINIT                              0000006A    00000008 =           8. bytes (REL,CON,CODE)

      Value  Global                              Global Defined In Module
      -----  --------------------------------   ------------------------
ASxxxx Linker V03.00 + NoICE + sdld,  page 16.
Hexadecimal  [32-Bits]

Area                                    Addr        Size        Decimal Bytes (Attributes)
--------------------------------        ----        ----        ------- ----- ------------
GSFINAL                             00000072    00000003 =           3. bytes (REL,CON,CODE)

      Value  Global                              Global Defined In Module
      -----  --------------------------------   ------------------------
ASxxxx Linker V03.00 + NoICE + sdld,  page 17.
Hexadecimal  [32-Bits]

Area                                    Addr        Size        Decimal Bytes (Attributes)
--------------------------------        ----        ----        ------- ----- ------------
CSEG                                00000075    00000301 =         769. bytes (REL,CON,CODE)

      Value  Global                              Global Defined In Module
      -----  --------------------------------   ------------------------
C:   00000075  _RD_sta                            1602
C:   00000081  _Ready                             1602
C:   0000008D  _WR_Cmd                            1602
C:   000000A1  _WR_Dat                            1602
C:   000000B5  _Init_1602                         1602
C:   000000CD  _Disp_1602_str                     1602
C:   0000010C  _DelayT_10us                       DS18B20
C:   0000011F  _InitDS18B20                       DS18B20
C:   00000138  _WrByte_18B20                      DS18B20
C:   0000017A  _RdByte_18B20                      DS18B20
C:   000001B0  _GetT_18B20                        DS18B20
C:   000001EA  _main                              temperature
C:   000002C9  _timer0                            temperature
C:   000002E0  __divuint                          _divuint
C:   00000309  __moduint                          _moduint
C:   00000356  __gptrget                          _gptrget
C:   00000372  __sdcc_external_startup            _startup

ASxxxx Linker V03.00 + NoICE + sdld,  page 18.
Hexadecimal  [32-Bits]

Area                                    Addr        Size        Decimal Bytes (Attributes)
--------------------------------        ----        ----        ------- ----- ------------
CONST                               00000376    0000000C =          12. bytes (REL,CON,CODE)

      Value  Global                              Global Defined In Module
      -----  --------------------------------   ------------------------
ASxxxx Linker V03.00 + NoICE + sdld,  page 19.

Files Linked                              [ module(s) ]

./src/temperature/lib/1602.rel            [  ]
./src/temperature/lib/DS18B20.rel         [  ]
./src/temperature/lib/temperature.rel     [  ]


Libraries Linked                          [ object file ]

/usr/local/bin/../share/sdcc/lib/small/libint.lib
                                          [ _divuint.rel ]
/usr/local/bin/../share/sdcc/lib/small/mcs51.lib
                                          [ crtclear.rel ]
/usr/local/bin/../share/sdcc/lib/small/mcs51.lib
                                          [ crtxinit.rel ]
/usr/local/bin/../share/sdcc/lib/small/libint.lib
                                          [ _moduint.rel ]
/usr/local/bin/../share/sdcc/lib/small/mcs51.lib
                                          [ crtxclear.rel ]
/usr/local/bin/../share/sdcc/lib/small/mcs51.lib
                                          [ crtpagesfr.rel ]
/usr/local/bin/../share/sdcc/lib/small/mcs51.lib
                                          [ crtstart.rel ]
/usr/local/bin/../share/sdcc/lib/small/libsdcc.lib
                                          [ _gptrget.rel ]
/usr/local/bin/../share/sdcc/lib/small/libsdcc.lib
                                          [ _startup.rel ]

ASxxxx Linker V03.00 + NoICE + sdld,  page 20.

User Base Address Definitions

HOME = 0x0000
XSEG = 0x0001
PSEG = 0x0001
ISEG = 0x0000
BSEG = 0x0000

