ASxxxx Linker V03.00 + NoICE + sdld,  page 1.
Hexadecimal  [32-Bits]

Area                                    Addr        Size        Decimal Bytes (Attributes)
--------------------------------        ----        ----        ------- ----- ------------
CABS                                00000000    00000000 =           0. bytes (ABS,CON,CODE)

      Value  Global                              Global Defined In Module
      -----  --------------------------------   ------------------------
C:   00000000  l_BIT_BANK                      
C:   00000000  l_BSEG                          
C:   00000000  l_BSEG_BYTES                    
C:   00000000  l_CABS                          
C:   00000000  l_CONST                         
C:   00000000  l_GSINIT1                       
C:   00000000  l_GSINIT5                       
C:   00000000  l_IABS                          
C:   00000000  l_ISEG                          
C:   00000000  l_OSEG                          
C:   00000000  l_PSEG                          
C:   00000000  l_REG_BANK_1                    
C:   00000000  l_REG_BANK_2                    
C:   00000000  l_REG_BANK_3                    
C:   00000000  l_RSEG                          
C:   00000000  l_RSEG0                         
C:   00000000  l_RSEG1                         
C:   00000000  l_XABS                          
C:   00000000  l_XINIT                         
C:   00000000  l_XISEG                         
C:   00000000  l_XSEG                          
C:   00000000  l__CODE                         
C:   00000000  s_BSEG                          
C:   00000000  s_CABS                          
C:   00000000  s_DSEG                          
C:   00000000  s_HOME                          
C:   00000000  s_IABS                          
C:   00000000  s_ISEG                          
C:   00000000  s_REG_BANK_0                    
C:   00000000  s_RSEG                          
C:   00000000  s_RSEG0                         
C:   00000000  s_RSEG1                         
C:   00000000  s_XABS                          
C:   00000001  s_PSEG                          
C:   00000001  s_XISEG                         
C:   00000001  s_XSEG                          
C:   00000003  l_GSFINAL                       
C:   00000003  l_GSINIT0                       
C:   00000005  l_GSINIT                        
C:   00000006  l_HOME                          
C:   00000006  s_GSINIT0                       
C:   00000008  l_REG_BANK_0                    
C:   00000008  s_REG_BANK_1                    
C:   00000009  s_GSINIT1                       
C:   00000009  s_GSINIT2                       
C:   0000000A  l_GSINIT2                       
C:   0000000C  s_SSEG                          
C:   00000010  s_REG_BANK_2                    
C:   00000013  s_GSINIT3                       
C:   00000018  s_BIT_BANK                      
ASxxxx Linker V03.00 + NoICE + sdld,  page 2.
Hexadecimal  [32-Bits]

Area                                    Addr        Size        Decimal Bytes (Attributes)
--------------------------------        ----        ----        ------- ----- ------------
CABS                                00000000    00000000 =           0. bytes (ABS,CON,CODE)

      Value  Global                              Global Defined In Module
      -----  --------------------------------   ------------------------
C:   00000018  s_OSEG                          
C:   00000018  s_REG_BANK_3                    
C:   00000020  s_BSEG_BYTES                    
C:   00000020  s__CODE                         
C:   00000022  l_GSINIT3                       
C:   0000002A  l_GSINIT4                       
C:   00000035  s_GSINIT4                       
C:   00000057  l_CSEG                          
C:   0000005F  s_GSINIT                        
C:   0000005F  s_GSINIT5                       
C:   00000064  s_GSFINAL                       
C:   00000067  s_CSEG                          
C:   00000080  l_DSEG                          
C:   000000BE  s_CONST                         
C:   000000BE  s_XINIT                         
C:   000000F4  l_SSEG                          
C:   00000100  l_IRAM                          

ASxxxx Linker V03.00 + NoICE + sdld,  page 3.
Hexadecimal  [32-Bits]

Area                                    Addr        Size        Decimal Bytes (Attributes)
--------------------------------        ----        ----        ------- ----- ------------
.  .ABS.                            00000000    00000000 =           0. bytes (ABS,CON)

      Value  Global                              Global Defined In Module
      -----  --------------------------------   ------------------------
     00000000  .__.ABS.                           _startup
     00000080  _P0                                led1
     00000080  _P00                               led1
     00000081  _P01                               led1
     00000081  _SP                                led1
     00000082  _DPL                               led1
     00000082  _P02                               led1
     00000083  _DPH                               led1
     00000083  _P03                               led1
     00000084  _P04                               led1
     00000085  _P05                               led1
     00000086  _P06                               led1
     00000087  _P07                               led1
     00000087  _PCON                              led1
     00000088  _IT0                               led1
     00000088  _TCON                              led1
     00000089  _IE0                               led1
     00000089  _TMOD                              led1
     0000008A  _IT1                               led1
     0000008A  _TL0                               led1
     0000008B  _IE1                               led1
     0000008B  _TL1                               led1
     0000008C  _TH0                               led1
     0000008C  _TR0                               led1
     0000008D  _TF0                               led1
     0000008D  _TH1                               led1
     0000008E  _AUXR                              led1
     0000008E  _TR1                               led1
     0000008F  _TF1                               led1
     00000090  _P1                                led1
     00000090  _P10                               led1
     00000090  _T2                                led1
     00000091  _P11                               led1
     00000091  _T2EX                              led1
     00000092  _P12                               led1
     00000093  _P13                               led1
     00000094  _P14                               led1
     00000095  _P15                               led1
     00000096  _P16                               led1
     00000097  _P17                               led1
     00000098  _RI                                led1
     00000098  _SCON                              led1
     00000099  _SBUF                              led1
     00000099  _TI                                led1
     0000009A  _RB8                               led1
     0000009B  _TB8                               led1
     0000009C  _REN                               led1
     0000009D  _SM2                               led1
     0000009E  _SM1                               led1
     0000009F  _FE                                led1
ASxxxx Linker V03.00 + NoICE + sdld,  page 4.
Hexadecimal  [32-Bits]

Area                                    Addr        Size        Decimal Bytes (Attributes)
--------------------------------        ----        ----        ------- ----- ------------
.  .ABS.                            00000000    00000000 =           0. bytes (ABS,CON)

      Value  Global                              Global Defined In Module
      -----  --------------------------------   ------------------------
     0000009F  _SM0                               led1
     000000A0  _P2                                led1
     000000A0  _P20                               led1
     000000A0  __XPAGE                            
     000000A1  _P21                               led1
     000000A2  _AUXR1                             led1
     000000A2  _P22                               led1
     000000A3  _P23                               led1
     000000A4  _P24                               led1
     000000A5  _P25                               led1
     000000A6  _P26                               led1
     000000A7  _P27                               led1
     000000A8  _EX0                               led1
     000000A8  _IE                                led1
     000000A9  _ET0                               led1
     000000A9  _SADDR                             led1
     000000AA  _EX1                               led1
     000000AB  _ET1                               led1
     000000AC  _ES                                led1
     000000AD  _ET2                               led1
     000000AE  _EC                                led1
     000000AF  _EA                                led1
     000000B0  _P3                                led1
     000000B0  _P30                               led1
     000000B0  _RXD                               led1
     000000B1  _P31                               led1
     000000B1  _TXD                               led1
     000000B2  _INT0                              led1
     000000B2  _P32                               led1
     000000B3  _INT1                              led1
     000000B3  _P33                               led1
     000000B4  _P34                               led1
     000000B4  _T0                                led1
     000000B5  _P35                               led1
     000000B5  _T1                                led1
     000000B6  _P36                               led1
     000000B6  _WR                                led1
     000000B7  _IPH                               led1
     000000B7  _P37                               led1
     000000B7  _RD                                led1
     000000B8  _IP                                led1
     000000B8  _PX0                               led1
     000000B9  _PT0                               led1
     000000B9  _SADEN                             led1
     000000BA  _PX1                               led1
     000000BB  _PT1                               led1
     000000BC  _PS                                led1
     000000BD  _PT2                               led1
     000000C0  _XICON                             led1
     000000C8  _CP_RL2                            led1
     000000C8  _T2CON                             led1
ASxxxx Linker V03.00 + NoICE + sdld,  page 5.
Hexadecimal  [32-Bits]

Area                                    Addr        Size        Decimal Bytes (Attributes)
--------------------------------        ----        ----        ------- ----- ------------
.  .ABS.                            00000000    00000000 =           0. bytes (ABS,CON)

      Value  Global                              Global Defined In Module
      -----  --------------------------------   ------------------------
     000000C9  _C_T2                              led1
     000000C9  _T2MOD                             led1
     000000CA  _RCAP2L                            led1
     000000CA  _TR2                               led1
     000000CB  _EXEN2                             led1
     000000CB  _RCAP2H                            led1
     000000CC  _TCLK                              led1
     000000CC  _TL2                               led1
     000000CD  _RCLK                              led1
     000000CD  _TH2                               led1
     000000CE  _EXF2                              led1
     000000CF  _TF2                               led1
     000000D0  _P                                 led1
     000000D0  _PSW                               led1
     000000D2  _OV                                led1
     000000D3  _RS0                               led1
     000000D4  _RS1                               led1
     000000D5  _F0                                led1
     000000D6  _AC                                led1
     000000D7  _CY                                led1
     000000E0  _ACC                               led1
     000000E1  _WDT_CONTR                         led1
     000000E2  _ISP_DATA                          led1
     000000E3  _ISP_ADDRH                         led1
     000000E4  _ISP_ADDRL                         led1
     000000E5  _ISP_CMD                           led1
     000000E6  _ISP_TRIG                          led1
     000000E7  _ISP_CONTR                         led1
     000000E8  _P4                                led1
     000000E8  _P40                               led1
     000000E9  _P41                               led1
     000000EA  _P42                               led1
     000000EB  _P43                               led1
     000000EC  _P44                               led1
     000000ED  _P45                               led1
     000000EE  _P46                               led1
     000000F0  _B                                 led1
ASxxxx Linker V03.00 + NoICE + sdld,  page 6.
Hexadecimal  [32-Bits]

Area                                    Addr        Size        Decimal Bytes (Attributes)
--------------------------------        ----        ----        ------- ----- ------------
REG_BANK_0                          00000000    00000008 =           8. bytes (REL,OVR)

      Value  Global                              Global Defined In Module
      -----  --------------------------------   ------------------------
ASxxxx Linker V03.00 + NoICE + sdld,  page 7.
Hexadecimal  [32-Bits]

Area                                    Addr        Size        Decimal Bytes (Attributes)
--------------------------------        ----        ----        ------- ----- ------------
DSEG                                00000000    00000080 =         128. bytes (REL,CON)

      Value  Global                              Global Defined In Module
      -----  --------------------------------   ------------------------
     00000008  _i                                 led1
     0000000A  _flag                              led1

ASxxxx Linker V03.00 + NoICE + sdld,  page 8.
Hexadecimal  [32-Bits]

Area                                    Addr        Size        Decimal Bytes (Attributes)
--------------------------------        ----        ----        ------- ----- ------------
SSEG                                0000000C    000000F4 =         244. bytes (REL,OVR)

      Value  Global                              Global Defined In Module
      -----  --------------------------------   ------------------------
     0000000C  __start__stack                     led1

ASxxxx Linker V03.00 + NoICE + sdld,  page 9.
Hexadecimal  [32-Bits]

Area                                    Addr        Size        Decimal Bytes (Attributes)
--------------------------------        ----        ----        ------- ----- ------------
HOME                                00000000    00000006 =           6. bytes (REL,CON,CODE)

      Value  Global                              Global Defined In Module
      -----  --------------------------------   ------------------------
C:   00000003  __sdcc_program_startup             led1

ASxxxx Linker V03.00 + NoICE + sdld,  page 10.
Hexadecimal  [32-Bits]

Area                                    Addr        Size        Decimal Bytes (Attributes)
--------------------------------        ----        ----        ------- ----- ------------
GSINIT0                             00000006    00000003 =           3. bytes (REL,CON,CODE)

      Value  Global                              Global Defined In Module
      -----  --------------------------------   ------------------------
C:   00000006  __sdcc_gsinit_startup              

ASxxxx Linker V03.00 + NoICE + sdld,  page 11.
Hexadecimal  [32-Bits]

Area                                    Addr        Size        Decimal Bytes (Attributes)
--------------------------------        ----        ----        ------- ----- ------------
GSINIT2                             00000009    0000000A =          10. bytes (REL,CON,CODE)

      Value  Global                              Global Defined In Module
      -----  --------------------------------   ------------------------
ASxxxx Linker V03.00 + NoICE + sdld,  page 12.
Hexadecimal  [32-Bits]

Area                                    Addr        Size        Decimal Bytes (Attributes)
--------------------------------        ----        ----        ------- ----- ------------
GSINIT3                             00000013    00000022 =          34. bytes (REL,CON,CODE)

      Value  Global                              Global Defined In Module
      -----  --------------------------------   ------------------------
C:   00000013  __mcs51_genXINIT                   

ASxxxx Linker V03.00 + NoICE + sdld,  page 13.
Hexadecimal  [32-Bits]

Area                                    Addr        Size        Decimal Bytes (Attributes)
--------------------------------        ----        ----        ------- ----- ------------
GSINIT4                             00000035    0000002A =          42. bytes (REL,CON,CODE)

      Value  Global                              Global Defined In Module
      -----  --------------------------------   ------------------------
C:   00000035  __mcs51_genRAMCLEAR                
C:   0000003B  __mcs51_genXRAMCLEAR               

ASxxxx Linker V03.00 + NoICE + sdld,  page 14.
Hexadecimal  [32-Bits]

Area                                    Addr        Size        Decimal Bytes (Attributes)
--------------------------------        ----        ----        ------- ----- ------------
GSINIT                              0000005F    00000005 =           5. bytes (REL,CON,CODE)

      Value  Global                              Global Defined In Module
      -----  --------------------------------   ------------------------
ASxxxx Linker V03.00 + NoICE + sdld,  page 15.
Hexadecimal  [32-Bits]

Area                                    Addr        Size        Decimal Bytes (Attributes)
--------------------------------        ----        ----        ------- ----- ------------
GSFINAL                             00000064    00000003 =           3. bytes (REL,CON,CODE)

      Value  Global                              Global Defined In Module
      -----  --------------------------------   ------------------------
ASxxxx Linker V03.00 + NoICE + sdld,  page 16.
Hexadecimal  [32-Bits]

Area                                    Addr        Size        Decimal Bytes (Attributes)
--------------------------------        ----        ----        ------- ----- ------------
CSEG                                00000067    00000057 =          87. bytes (REL,CON,CODE)

      Value  Global                              Global Defined In Module
      -----  --------------------------------   ------------------------
C:   00000067  _main                              led1
C:   000000BA  __sdcc_external_startup            _startup

ASxxxx Linker V03.00 + NoICE + sdld,  page 17.

Files Linked                              [ module(s) ]

/Users/ferried/Projects/mcs51/out/out.rel
                                          [  ]


Libraries Linked                          [ object file ]

./tool-sdcc/bin/../share/sdcc/lib/small/mcs51.lib
                                          [ crtclear.rel ]
./tool-sdcc/bin/../share/sdcc/lib/small/mcs51.lib
                                          [ crtxinit.rel ]
./tool-sdcc/bin/../share/sdcc/lib/small/mcs51.lib
                                          [ crtxclear.rel ]
./tool-sdcc/bin/../share/sdcc/lib/small/mcs51.lib
                                          [ crtpagesfr.rel ]
./tool-sdcc/bin/../share/sdcc/lib/small/mcs51.lib
                                          [ crtstart.rel ]
./tool-sdcc/bin/../share/sdcc/lib/small/libsdcc.lib
                                          [ _startup.rel ]

ASxxxx Linker V03.00 + NoICE + sdld,  page 18.

User Base Address Definitions

HOME = 0x0000
XSEG = 0x0001
PSEG = 0x0001
ISEG = 0x0000
BSEG = 0x0000

