                                      1 ;--------------------------------------------------------
                                      2 ; File Created by SDCC : free open source ANSI-C Compiler
                                      3 ; Version 4.0.0 #11528 (Mac OS X x86_64)
                                      4 ;--------------------------------------------------------
                                      5 	.module AT24C256
                                      6 	.optsdcc -mmcs51 --model-small
                                      7 	
                                      8 ;--------------------------------------------------------
                                      9 ; Public variables in this module
                                     10 ;--------------------------------------------------------
                                     11 	.globl _RdACK_I2C
                                     12 	.globl _Wr_I2C
                                     13 	.globl _Stop_I2C
                                     14 	.globl _Start_I2C
                                     15 	.globl _WrByte_AT24C256_PARM_2
                                     16 	.globl _WrByte_AT24C256
                                     17 	.globl _RdByte_AT24C256
                                     18 ;--------------------------------------------------------
                                     19 ; special function registers
                                     20 ;--------------------------------------------------------
                                     21 	.area RSEG    (ABS,DATA)
      000000                         22 	.org 0x0000
                                     23 ;--------------------------------------------------------
                                     24 ; special function bits
                                     25 ;--------------------------------------------------------
                                     26 	.area RSEG    (ABS,DATA)
      000000                         27 	.org 0x0000
                                     28 ;--------------------------------------------------------
                                     29 ; overlayable register banks
                                     30 ;--------------------------------------------------------
                                     31 	.area REG_BANK_0	(REL,OVR,DATA)
      000000                         32 	.ds 8
                                     33 ;--------------------------------------------------------
                                     34 ; internal ram data
                                     35 ;--------------------------------------------------------
                                     36 	.area DSEG    (DATA)
      000000                         37 _WrByte_AT24C256_PARM_2:
      000000                         38 	.ds 1
                                     39 ;--------------------------------------------------------
                                     40 ; overlayable items in internal ram 
                                     41 ;--------------------------------------------------------
                                     42 ;--------------------------------------------------------
                                     43 ; indirectly addressable internal ram data
                                     44 ;--------------------------------------------------------
                                     45 	.area ISEG    (DATA)
                                     46 ;--------------------------------------------------------
                                     47 ; absolute internal ram data
                                     48 ;--------------------------------------------------------
                                     49 	.area IABS    (ABS,DATA)
                                     50 	.area IABS    (ABS,DATA)
                                     51 ;--------------------------------------------------------
                                     52 ; bit data
                                     53 ;--------------------------------------------------------
                                     54 	.area BSEG    (BIT)
                                     55 ;--------------------------------------------------------
                                     56 ; paged external ram data
                                     57 ;--------------------------------------------------------
                                     58 	.area PSEG    (PAG,XDATA)
                                     59 ;--------------------------------------------------------
                                     60 ; external ram data
                                     61 ;--------------------------------------------------------
                                     62 	.area XSEG    (XDATA)
                                     63 ;--------------------------------------------------------
                                     64 ; absolute external ram data
                                     65 ;--------------------------------------------------------
                                     66 	.area XABS    (ABS,XDATA)
                                     67 ;--------------------------------------------------------
                                     68 ; external initialized ram data
                                     69 ;--------------------------------------------------------
                                     70 	.area XISEG   (XDATA)
                                     71 	.area HOME    (CODE)
                                     72 	.area GSINIT0 (CODE)
                                     73 	.area GSINIT1 (CODE)
                                     74 	.area GSINIT2 (CODE)
                                     75 	.area GSINIT3 (CODE)
                                     76 	.area GSINIT4 (CODE)
                                     77 	.area GSINIT5 (CODE)
                                     78 	.area GSINIT  (CODE)
                                     79 	.area GSFINAL (CODE)
                                     80 	.area CSEG    (CODE)
                                     81 ;--------------------------------------------------------
                                     82 ; global & static initialisations
                                     83 ;--------------------------------------------------------
                                     84 	.area HOME    (CODE)
                                     85 	.area GSINIT  (CODE)
                                     86 	.area GSFINAL (CODE)
                                     87 	.area GSINIT  (CODE)
                                     88 ;--------------------------------------------------------
                                     89 ; Home
                                     90 ;--------------------------------------------------------
                                     91 	.area HOME    (CODE)
                                     92 	.area HOME    (CODE)
                                     93 ;--------------------------------------------------------
                                     94 ; code
                                     95 ;--------------------------------------------------------
                                     96 	.area CSEG    (CODE)
                                     97 ;------------------------------------------------------------
                                     98 ;Allocation info for local variables in function 'WrByte_AT24C256'
                                     99 ;------------------------------------------------------------
                                    100 ;dat                       Allocated with name '_WrByte_AT24C256_PARM_2'
                                    101 ;addr                      Allocated to registers r6 r7 
                                    102 ;------------------------------------------------------------
                                    103 ;	./src/i2c/include/AT24C256.c:14: void WrByte_AT24C256(unsigned int addr, unsigned char dat)
                                    104 ;	-----------------------------------------
                                    105 ;	 function WrByte_AT24C256
                                    106 ;	-----------------------------------------
      000000                        107 _WrByte_AT24C256:
                           000007   108 	ar7 = 0x07
                           000006   109 	ar6 = 0x06
                           000005   110 	ar5 = 0x05
                           000004   111 	ar4 = 0x04
                           000003   112 	ar3 = 0x03
                           000002   113 	ar2 = 0x02
                           000001   114 	ar1 = 0x01
                           000000   115 	ar0 = 0x00
      000000 AE 82            [24]  116 	mov	r6,dpl
      000002 AF 83            [24]  117 	mov	r7,dph
                                    118 ;	./src/i2c/include/AT24C256.c:17: Start_I2C();
      000004 C0 07            [24]  119 	push	ar7
      000006 C0 06            [24]  120 	push	ar6
      000008 12r00r00         [24]  121 	lcall	_Start_I2C
                                    122 ;	./src/i2c/include/AT24C256.c:19: Wr_I2C(0xA0);
      00000B 75 82 A0         [24]  123 	mov	dpl,#0xa0
      00000E 12r00r00         [24]  124 	lcall	_Wr_I2C
      000011 D0 06            [24]  125 	pop	ar6
      000013 D0 07            [24]  126 	pop	ar7
                                    127 ;	./src/i2c/include/AT24C256.c:21: Wr_I2C(addr >> 8);
      000015 8F 82            [24]  128 	mov	dpl,r7
      000017 C0 07            [24]  129 	push	ar7
      000019 C0 06            [24]  130 	push	ar6
      00001B 12r00r00         [24]  131 	lcall	_Wr_I2C
      00001E D0 06            [24]  132 	pop	ar6
      000020 D0 07            [24]  133 	pop	ar7
                                    134 ;	./src/i2c/include/AT24C256.c:23: Wr_I2C(addr);
      000022 8E 82            [24]  135 	mov	dpl,r6
      000024 12r00r00         [24]  136 	lcall	_Wr_I2C
                                    137 ;	./src/i2c/include/AT24C256.c:25: Wr_I2C(dat);
      000027 85*00 82         [24]  138 	mov	dpl,_WrByte_AT24C256_PARM_2
      00002A 12r00r00         [24]  139 	lcall	_Wr_I2C
                                    140 ;	./src/i2c/include/AT24C256.c:27: Stop_I2C();
                                    141 ;	./src/i2c/include/AT24C256.c:28: }
      00002D 02r00r00         [24]  142 	ljmp	_Stop_I2C
                                    143 ;------------------------------------------------------------
                                    144 ;Allocation info for local variables in function 'RdByte_AT24C256'
                                    145 ;------------------------------------------------------------
                                    146 ;addr                      Allocated to registers r6 r7 
                                    147 ;dat                       Allocated to registers r7 
                                    148 ;------------------------------------------------------------
                                    149 ;	./src/i2c/include/AT24C256.c:30: unsigned char RdByte_AT24C256(unsigned int addr)
                                    150 ;	-----------------------------------------
                                    151 ;	 function RdByte_AT24C256
                                    152 ;	-----------------------------------------
      000030                        153 _RdByte_AT24C256:
      000030 AE 82            [24]  154 	mov	r6,dpl
      000032 AF 83            [24]  155 	mov	r7,dph
                                    156 ;	./src/i2c/include/AT24C256.c:34: Start_I2C();
      000034 C0 07            [24]  157 	push	ar7
      000036 C0 06            [24]  158 	push	ar6
      000038 12r00r00         [24]  159 	lcall	_Start_I2C
                                    160 ;	./src/i2c/include/AT24C256.c:35: Wr_I2C(0xA0);
      00003B 75 82 A0         [24]  161 	mov	dpl,#0xa0
      00003E 12r00r00         [24]  162 	lcall	_Wr_I2C
      000041 D0 06            [24]  163 	pop	ar6
      000043 D0 07            [24]  164 	pop	ar7
                                    165 ;	./src/i2c/include/AT24C256.c:36: Wr_I2C(addr >> 8);
      000045 8F 82            [24]  166 	mov	dpl,r7
      000047 C0 07            [24]  167 	push	ar7
      000049 C0 06            [24]  168 	push	ar6
      00004B 12r00r00         [24]  169 	lcall	_Wr_I2C
      00004E D0 06            [24]  170 	pop	ar6
      000050 D0 07            [24]  171 	pop	ar7
                                    172 ;	./src/i2c/include/AT24C256.c:37: Wr_I2C(addr);
      000052 8E 82            [24]  173 	mov	dpl,r6
      000054 12r00r00         [24]  174 	lcall	_Wr_I2C
                                    175 ;	./src/i2c/include/AT24C256.c:39: Start_I2C();
      000057 12r00r00         [24]  176 	lcall	_Start_I2C
                                    177 ;	./src/i2c/include/AT24C256.c:41: Wr_I2C(0xA1);
      00005A 75 82 A1         [24]  178 	mov	dpl,#0xa1
      00005D 12r00r00         [24]  179 	lcall	_Wr_I2C
                                    180 ;	./src/i2c/include/AT24C256.c:43: dat = RdACK_I2C(1);
      000060 75 82 01         [24]  181 	mov	dpl,#0x01
      000063 12r00r00         [24]  182 	lcall	_RdACK_I2C
      000066 AF 82            [24]  183 	mov	r7,dpl
                                    184 ;	./src/i2c/include/AT24C256.c:45: Stop_I2C();
      000068 C0 07            [24]  185 	push	ar7
      00006A 12r00r00         [24]  186 	lcall	_Stop_I2C
      00006D D0 07            [24]  187 	pop	ar7
                                    188 ;	./src/i2c/include/AT24C256.c:46: return dat;
      00006F 8F 82            [24]  189 	mov	dpl,r7
                                    190 ;	./src/i2c/include/AT24C256.c:47: }
      000071 22               [24]  191 	ret
                                    192 	.area CSEG    (CODE)
                                    193 	.area CONST   (CODE)
                                    194 	.area XINIT   (CODE)
                                    195 	.area CABS    (ABS,CODE)
